As a [Swede], åäö is what I want to write. \\ oh yeah
